// Jest Snapshot v1, https://goo.gl/fbAQLP

exports[`withLoginForm is rendered correctly 1`] = `<div />`;
