// Jest Snapshot v1, https://goo.gl/fbAQLP

exports[`withActivePin is rendered correctly 1`] = `
<div
  id="map"
/>
`;
