// Jest Snapshot v1, https://goo.gl/fbAQLP

exports[`Should MainMap2 render correctly 1`] = `
<div
  id="map"
  style={
    Object {
      "height": "100%",
    }
  }
/>
`;
