// Jest Snapshot v1, https://goo.gl/fbAQLP

exports[`withPreloadedData is rendered correctly 1`] = `<div />`;
